2025-10-21 18:15:52 | INFO | valutatrade_hub | Logging initialized
2025-10-21 18:15:53 | INFO | valutatrade_hub | Logging initialized
2025-10-21 18:15:53 | INFO | valutatrade_hub | Logging initialized
2025-10-21 18:15:53 | INFO | valutatrade_hub | Logging initialized
2025-10-21 18:15:54 | INFO | valutatrade_hub | Logging initialized
2025-10-21 18:15:54 | INFO | valutatrade_hub | Logging initialized
2025-10-21 18:15:54 | INFO | valutatrade_hub | Logging initialized
2025-10-21 18:15:54 | INFO | valutatrade_hub | Logging initialized
2025-10-21 18:17:30 | INFO | valutatrade_hub | Logging initialized
2025-10-21 18:17:30 | INFO | valutatrade_hub | Logging initialized
2025-10-21 18:17:30 | INFO | valutatrade_hub | START update_rates_stub args=[] kwargs={}
2025-10-21 18:17:30 | INFO | valutatrade_hub | END   update_rates_stub ok=1 time=0.001s
2025-10-21 18:17:30 | INFO | valutatrade_hub | Logging initialized
2025-10-21 18:17:30 | INFO | valutatrade_hub | START register args=('1234',) kwargs={}
2025-10-21 18:17:30 | ERROR | valutatrade_hub | END   register ok=0 time=0.000s err=Имя пользователя 'alice' уже занято
Traceback (most recent call last):
  File "/Users/m459n9/finalproject_Staroverov_M-25-555/valutatrade_hub/decorators.py", line 18, in inner
    result = fn(*args, **kwargs)
  File "/Users/m459n9/finalproject_Staroverov_M-25-555/valutatrade_hub/core/usecases.py", line 94, in register_user
    raise UserAlreadyExistsError(f"Имя пользователя '{username}' уже занято")
valutatrade_hub.core.exceptions.UserAlreadyExistsError: Имя пользователя 'alice' уже занято
2025-10-21 18:17:31 | INFO | valutatrade_hub | Logging initialized
2025-10-21 18:17:31 | INFO | valutatrade_hub | START login args=('1234',) kwargs={}
2025-10-21 18:17:31 | INFO | valutatrade_hub | END   login ok=1 time=0.000s
2025-10-21 18:17:31 | INFO | valutatrade_hub | Logging initialized
2025-10-21 18:17:31 | INFO | valutatrade_hub | START buy args=(0.01,) kwargs={'base': 'USD'}
2025-10-21 18:17:31 | ERROR | valutatrade_hub | END   buy ok=0 time=0.001s err=Недостаточно средств: доступно 0.00 USD, требуется 593.3721
Traceback (most recent call last):
  File "/Users/m459n9/finalproject_Staroverov_M-25-555/valutatrade_hub/decorators.py", line 18, in inner
    result = fn(*args, **kwargs)
  File "/Users/m459n9/finalproject_Staroverov_M-25-555/valutatrade_hub/core/usecases.py", line 185, in buy_currency
    raise InsufficientFundsError(
        f"Недостаточно средств: доступно {usd.balance} {base}, требуется {cost}"
    )
valutatrade_hub.core.models.InsufficientFundsError: Недостаточно средств: доступно 0.00 USD, требуется 593.3721
2025-10-21 18:17:31 | INFO | valutatrade_hub | Logging initialized
2025-10-21 18:17:31 | INFO | valutatrade_hub | START show_portfolio args=[] kwargs={'base': 'USD'}
2025-10-21 18:17:31 | INFO | valutatrade_hub | END   show_portfolio ok=1 time=0.000s
2025-10-21 18:17:32 | INFO | valutatrade_hub | Logging initialized
2025-10-21 18:17:32 | INFO | valutatrade_hub | START sell args=(0.005,) kwargs={'base': 'USD'}
2025-10-21 18:17:32 | INFO | valutatrade_hub | END   sell ok=1 time=0.001s
2025-10-21 18:17:32 | INFO | valutatrade_hub | Logging initialized
2025-10-21 18:17:32 | INFO | valutatrade_hub | START get_rate args=('USD',) kwargs={}
2025-10-21 18:17:32 | INFO | valutatrade_hub | END   get_rate ok=1 time=0.000s
2025-10-21 18:33:38 | INFO | valutatrade_hub | Logging initialized
2025-10-21 18:33:49 | INFO | valutatrade_hub | Logging initialized
2025-10-21 18:33:49 | INFO | valutatrade_hub | START register args=('1234',) kwargs={}
2025-10-21 18:33:49 | ERROR | valutatrade_hub | END   register ok=0 time=0.001s err=Имя пользователя 'alice' уже занято
Traceback (most recent call last):
  File "/Users/m459n9/finalproject_Staroverov_M-25-555/valutatrade_hub/decorators.py", line 18, in inner
    result = fn(*args, **kwargs)
  File "/Users/m459n9/finalproject_Staroverov_M-25-555/valutatrade_hub/core/usecases.py", line 121, in register_user
    raise UserAlreadyExistsError(f"Имя пользователя '{username}' уже занято")
valutatrade_hub.core.exceptions.UserAlreadyExistsError: Имя пользователя 'alice' уже занято
2025-10-21 18:33:49 | INFO | valutatrade_hub | Logging initialized
2025-10-21 18:33:49 | INFO | valutatrade_hub | START login args=('1234',) kwargs={}
2025-10-21 18:33:49 | INFO | valutatrade_hub | END   login ok=1 time=0.000s
2025-10-21 18:33:50 | INFO | valutatrade_hub | Logging initialized
2025-10-21 18:33:50 | INFO | valutatrade_hub | START show_portfolio args=[] kwargs={'base': 'USD'}
2025-10-21 18:33:50 | INFO | valutatrade_hub | END   show_portfolio ok=1 time=0.001s
2025-10-21 18:33:50 | INFO | valutatrade_hub | Logging initialized
2025-10-21 18:33:50 | INFO | valutatrade_hub | START get_rate args=('USD',) kwargs={}
2025-10-21 18:33:50 | ERROR | valutatrade_hub | END   get_rate ok=0 time=0.000s err=Ошибка при обращении к внешнему API: пара BTC->USD недоступна (Parser Service не подключён)
Traceback (most recent call last):
  File "/Users/m459n9/finalproject_Staroverov_M-25-555/valutatrade_hub/core/usecases.py", line 75, in _get_rate_with_fallback
    return _get_rate_from_cache(frm, to)
  File "/Users/m459n9/finalproject_Staroverov_M-25-555/valutatrade_hub/core/usecases.py", line 63, in _get_rate_from_cache
    raise CurrencyNotFoundError(f"Неизвестная валюта '{frm}'")
valutatrade_hub.core.exceptions.CurrencyNotFoundError: Неизвестная валюта 'BTC'

During handling of the above exception, another exception occurred:

Traceback (most recent call last):
  File "/Users/m459n9/finalproject_Staroverov_M-25-555/valutatrade_hub/decorators.py", line 18, in inner
    result = fn(*args, **kwargs)
  File "/Users/m459n9/finalproject_Staroverov_M-25-555/valutatrade_hub/core/usecases.py", line 292, in get_rate
    r, upd = _get_rate_with_fallback(frm, to)
             ~~~~~~~~~~~~~~~~~~~~~~~^^^^^^^^^
  File "/Users/m459n9/finalproject_Staroverov_M-25-555/valutatrade_hub/core/usecases.py", line 77, in _get_rate_with_fallback
    return _get_rate_via_external_api(frm, to)
  File "/Users/m459n9/finalproject_Staroverov_M-25-555/valutatrade_hub/core/usecases.py", line 67, in _get_rate_via_external_api
    raise ApiRequestError(f"Ошибка при обращении к внешнему API: пара {frm}->{to} недоступна (Parser Service не подключён)")
valutatrade_hub.core.exceptions.ApiRequestError: Ошибка при обращении к внешнему API: пара BTC->USD недоступна (Parser Service не подключён)
2025-10-21 18:40:50 | INFO | valutatrade_hub | Logging initialized
2025-10-21 18:41:01 | INFO | valutatrade_hub | Logging initialized
2025-10-21 18:41:07 | INFO | valutatrade_hub | Logging initialized
2025-10-21 18:41:13 | INFO | valutatrade_hub | Logging initialized
2025-10-21 18:41:20 | INFO | valutatrade_hub | Logging initialized
2025-10-21 18:41:30 | INFO | valutatrade_hub | Logging initialized
2025-10-21 18:41:41 | INFO | valutatrade_hub | Logging initialized
2025-10-21 18:41:46 | INFO | valutatrade_hub | Logging initialized
2025-10-21 18:41:51 | INFO | valutatrade_hub | Logging initialized
2025-10-21 18:41:59 | INFO | valutatrade_hub | Logging initialized
2025-10-22 18:08:35 | INFO | valutatrade_hub | Logging initialized
2025-10-22 18:08:36 | INFO | valutatrade_hub | Starting rates update...
2025-10-22 18:08:36 | INFO | valutatrade_hub | Fetching from CoinGecko...
2025-10-22 18:08:36 | INFO | valutatrade_hub | OK: CoinGecko returned 3 pairs
2025-10-22 18:08:36 | INFO | valutatrade_hub | Fetching from ExchangeRate-API...
2025-10-22 18:08:36 | ERROR | valutatrade_hub | Failed to fetch from ExchangeRate-API: Ошибка при обращении к внешнему API: отсутствует EXCHANGERATE_API_KEY
2025-10-22 18:08:36 | INFO | valutatrade_hub | Writing 3 pairs to /Users/m459n9/finalproject_Staroverov_M-25-555/data/rates.json ...
2025-10-22 18:08:36 | INFO | valutatrade_hub | Appending 3 records to /Users/m459n9/finalproject_Staroverov_M-25-555/data/exchange_rates.json ...
2025-10-22 18:11:22 | INFO | valutatrade_hub | Logging initialized
2025-10-22 18:11:22 | INFO | valutatrade_hub | Starting rates update...
2025-10-22 18:11:22 | INFO | valutatrade_hub | Fetching from CoinGecko...
2025-10-22 18:11:22 | INFO | valutatrade_hub | OK: CoinGecko returned 3 pairs
2025-10-22 18:11:22 | INFO | valutatrade_hub | Fetching from ExchangeRate-API...
2025-10-22 18:11:23 | INFO | valutatrade_hub | OK: ExchangeRate-API returned 0 pairs
2025-10-22 18:11:23 | INFO | valutatrade_hub | Writing 3 pairs to /Users/m459n9/finalproject_Staroverov_M-25-555/data/rates.json ...
2025-10-22 18:11:23 | INFO | valutatrade_hub | Appending 3 records to /Users/m459n9/finalproject_Staroverov_M-25-555/data/exchange_rates.json ...
2025-10-22 18:11:58 | INFO | valutatrade_hub | Logging initialized
2025-10-22 18:11:58 | INFO | valutatrade_hub | Starting rates update...
2025-10-22 18:11:58 | INFO | valutatrade_hub | Fetching from CoinGecko...
2025-10-22 18:11:58 | INFO | valutatrade_hub | OK: CoinGecko returned 3 pairs
2025-10-22 18:11:58 | INFO | valutatrade_hub | Fetching from ExchangeRate-API...
2025-10-22 18:11:58 | INFO | valutatrade_hub | OK: ExchangeRate-API returned 0 pairs
2025-10-22 18:11:58 | INFO | valutatrade_hub | Writing 3 pairs to /Users/m459n9/finalproject_Staroverov_M-25-555/data/rates.json ...
2025-10-22 18:11:58 | INFO | valutatrade_hub | Appending 3 records to /Users/m459n9/finalproject_Staroverov_M-25-555/data/exchange_rates.json ...
2025-10-22 18:11:58 | INFO | valutatrade_hub | Update finished: status=success ok=2 err=0 last_refresh=2025-10-22T15:11:58Z
2025-10-22 18:16:07 | INFO | valutatrade_hub | Logging initialized
2025-10-22 18:16:07 | INFO | valutatrade_hub | Starting rates update...
2025-10-22 18:16:07 | INFO | valutatrade_hub | Fetching from CoinGecko...
2025-10-22 18:16:07 | INFO | valutatrade_hub | OK: CoinGecko returned 3 pairs
2025-10-22 18:16:07 | INFO | valutatrade_hub | Fetching from ExchangeRate-API...
2025-10-22 18:16:07 | INFO | valutatrade_hub | OK: ExchangeRate-API returned 0 pairs
2025-10-22 18:16:07 | INFO | valutatrade_hub | Writing 3 pairs to /Users/m459n9/finalproject_Staroverov_M-25-555/data/rates.json ...
2025-10-22 18:16:07 | INFO | valutatrade_hub | Appending 3 records to /Users/m459n9/finalproject_Staroverov_M-25-555/data/exchange_rates.json ...
2025-10-22 18:16:07 | INFO | valutatrade_hub | Update finished: status=success ok=2 err=0 last_refresh=2025-10-22T15:16:07Z
2025-10-22 18:16:30 | INFO | valutatrade_hub | Logging initialized
2025-10-22 18:16:39 | INFO | valutatrade_hub | Logging initialized
2025-10-22 18:16:45 | INFO | valutatrade_hub | Logging initialized
2025-10-22 18:16:53 | INFO | valutatrade_hub | Logging initialized
2025-10-22 18:16:58 | INFO | valutatrade_hub | Logging initialized
2025-10-22 18:17:06 | INFO | valutatrade_hub | Logging initialized
2025-10-22 18:18:13 | INFO | valutatrade_hub | Logging initialized
2025-10-22 18:18:31 | INFO | valutatrade_hub | Logging initialized
2025-10-22 18:18:31 | INFO | valutatrade_hub | Starting rates update...
2025-10-22 18:18:31 | INFO | valutatrade_hub | Fetching from CoinGecko...
2025-10-22 18:18:31 | INFO | valutatrade_hub | OK: CoinGecko returned 3 pairs
2025-10-22 18:18:31 | INFO | valutatrade_hub | Writing 3 pairs to /Users/m459n9/finalproject_Staroverov_M-25-555/data/rates.json ...
2025-10-22 18:18:31 | INFO | valutatrade_hub | Appending 3 records to /Users/m459n9/finalproject_Staroverov_M-25-555/data/exchange_rates.json ...
2025-10-22 18:18:31 | INFO | valutatrade_hub | Update finished: status=success ok=1 err=0 last_refresh=2025-10-22T15:18:31Z
2025-10-22 18:18:35 | INFO | valutatrade_hub | Logging initialized
2025-10-22 18:18:45 | INFO | valutatrade_hub | Logging initialized
2025-10-22 18:21:16 | INFO | valutatrade_hub | Logging initialized
2025-10-22 18:21:20 | INFO | valutatrade_hub | Logging initialized
2025-10-22 18:26:14 | INFO | valutatrade_hub | Logging initialized
2025-10-22 18:26:22 | INFO | valutatrade_hub | Logging initialized
2025-10-22 18:26:25 | INFO | valutatrade_hub | Logging initialized
2025-10-22 18:26:34 | INFO | valutatrade_hub | Logging initialized
2025-10-22 18:26:50 | INFO | valutatrade_hub | Logging initialized
2025-10-22 18:26:54 | INFO | valutatrade_hub | Logging initialized
2025-10-22 18:28:53 | INFO | valutatrade_hub | Logging initialized
2025-10-22 18:34:38 | INFO | valutatrade_hub | Logging initialized
2025-10-22 18:34:38 | INFO | valutatrade_hub | Starting rates update...
2025-10-22 18:34:38 | INFO | valutatrade_hub | Fetching from CoinGecko...
2025-10-22 18:34:38 | INFO | valutatrade_hub | OK: CoinGecko returned 3 pairs
2025-10-22 18:34:38 | INFO | valutatrade_hub | Writing 3 pairs to /Users/m459n9/finalproject_Staroverov_M-25-555/data/rates.json ...
2025-10-22 18:34:38 | INFO | valutatrade_hub | Appending 3 records to /Users/m459n9/finalproject_Staroverov_M-25-555/data/exchange_rates.json ...
2025-10-22 18:34:38 | INFO | valutatrade_hub | Update finished: status=success ok=1 err=0 last_refresh=2025-10-22T15:34:38Z
2025-10-22 18:35:00 | INFO | valutatrade_hub | Logging initialized
2025-10-22 18:46:25 | INFO | valutatrade_hub | Logging initialized
2025-10-22 18:46:25 | INFO | valutatrade_hub | Starting rates update...
2025-10-22 18:46:25 | INFO | valutatrade_hub | Fetching from CoinGecko...
2025-10-22 18:46:25 | INFO | valutatrade_hub | OK: CoinGecko returned 3 pairs
2025-10-22 18:46:25 | INFO | valutatrade_hub | Writing 3 pairs to /Users/m459n9/finalproject_Staroverov_M-25-555/data/rates.json ...
2025-10-22 18:46:25 | INFO | valutatrade_hub | Appending 3 records to /Users/m459n9/finalproject_Staroverov_M-25-555/data/exchange_rates.json ...
2025-10-22 18:46:25 | INFO | valutatrade_hub | Update finished: status=success ok=1 err=0 last_refresh=2025-10-22T15:46:25Z
2025-10-22 18:46:39 | INFO | valutatrade_hub | Logging initialized
2025-10-22 18:46:44 | INFO | valutatrade_hub | Logging initialized
2025-10-22 18:47:19 | INFO | valutatrade_hub | Logging initialized
2025-10-22 18:47:19 | INFO | valutatrade_hub | Starting rates update...
2025-10-22 18:47:19 | INFO | valutatrade_hub | Fetching from CoinGecko...
2025-10-22 18:47:19 | INFO | valutatrade_hub | OK: CoinGecko returned 3 pairs
2025-10-22 18:47:19 | INFO | valutatrade_hub | Writing 3 pairs to /Users/m459n9/finalproject_Staroverov_M-25-555/data/rates.json ...
2025-10-22 18:47:19 | INFO | valutatrade_hub | Appending 3 records to /Users/m459n9/finalproject_Staroverov_M-25-555/data/exchange_rates.json ...
2025-10-22 18:47:19 | INFO | valutatrade_hub | Update finished: status=success ok=1 err=0 last_refresh=2025-10-22T15:47:19Z
2025-10-22 18:47:19 | INFO | valutatrade_hub | Logging initialized
2025-10-22 18:49:00 | INFO | valutatrade_hub | Logging initialized
2025-10-22 18:49:00 | INFO | valutatrade_hub | Starting rates update...
2025-10-22 18:49:00 | INFO | valutatrade_hub | Fetching from CoinGecko...
2025-10-22 18:49:00 | INFO | valutatrade_hub | OK: CoinGecko returned 3 pairs
2025-10-22 18:49:00 | INFO | valutatrade_hub | Writing 3 pairs to /Users/m459n9/finalproject_Staroverov_M-25-555/data/rates.json ...
2025-10-22 18:49:00 | INFO | valutatrade_hub | Appending 3 records to /Users/m459n9/finalproject_Staroverov_M-25-555/data/exchange_rates.json ...
2025-10-22 18:49:00 | INFO | valutatrade_hub | Update finished: status=success ok=1 err=0 last_refresh=2025-10-22T15:49:00Z
2025-10-22 18:49:04 | INFO | valutatrade_hub | Logging initialized
2025-10-22 18:53:58 | INFO | valutatrade_hub | Logging initialized
2025-10-22 18:54:09 | INFO | valutatrade_hub | Logging initialized
2025-10-22 18:56:17 | INFO | valutatrade_hub | Logging initialized
2025-10-22 18:56:17 | INFO | valutatrade_hub | Starting rates update...
2025-10-22 18:56:17 | INFO | valutatrade_hub | Fetching from CoinGecko...
2025-10-22 18:56:18 | INFO | valutatrade_hub | OK: CoinGecko returned 3 pairs
2025-10-22 18:56:18 | INFO | valutatrade_hub | Writing 3 pairs to /Users/m459n9/finalproject_Staroverov_M-25-555/data/rates.json ...
2025-10-22 18:56:18 | INFO | valutatrade_hub | Appending 3 records to /Users/m459n9/finalproject_Staroverov_M-25-555/data/exchange_rates.json ...
2025-10-22 18:56:18 | INFO | valutatrade_hub | Update finished: status=success ok=1 err=0 last_refresh=2025-10-22T15:56:18Z
2025-10-22 18:56:23 | INFO | valutatrade_hub | Logging initialized
2025-10-22 18:57:47 | INFO | valutatrade_hub | Logging initialized
2025-10-22 18:57:47 | INFO | valutatrade_hub | Starting rates update...
2025-10-22 18:57:47 | INFO | valutatrade_hub | Fetching from CoinGecko...
2025-10-22 18:57:48 | INFO | valutatrade_hub | OK: CoinGecko returned 3 pairs
2025-10-22 18:57:48 | INFO | valutatrade_hub | Writing 3 pairs to /Users/m459n9/finalproject_Staroverov_M-25-555/data/rates.json ...
2025-10-22 18:57:48 | INFO | valutatrade_hub | Appending 3 records to /Users/m459n9/finalproject_Staroverov_M-25-555/data/exchange_rates.json ...
2025-10-22 18:57:48 | INFO | valutatrade_hub | Update finished: status=success ok=1 err=0 last_refresh=2025-10-22T15:57:48Z
2025-10-22 18:57:52 | INFO | valutatrade_hub | Logging initialized
2025-10-22 18:57:57 | INFO | valutatrade_hub | Logging initialized
2025-10-22 18:58:03 | INFO | valutatrade_hub | Logging initialized
2025-10-22 18:59:06 | INFO | valutatrade_hub | Logging initialized
2025-10-22 18:59:15 | INFO | valutatrade_hub | Logging initialized
2025-10-22 18:59:32 | INFO | valutatrade_hub | Logging initialized
2025-10-22 19:00:24 | INFO | valutatrade_hub | Logging initialized
2025-10-22 19:00:33 | INFO | valutatrade_hub | Logging initialized
2025-10-22 19:00:41 | INFO | valutatrade_hub | Logging initialized
2025-10-22 19:03:30 | INFO | valutatrade_hub | Logging initialized
2025-10-22 19:04:50 | INFO | valutatrade_hub | Logging initialized
2025-10-22 19:23:16 | INFO | valutatrade_hub | Logging initialized
2025-10-22 19:23:23 | INFO | valutatrade_hub | Logging initialized
2025-10-22 19:23:35 | INFO | valutatrade_hub | Logging initialized
2025-10-22 19:23:51 | INFO | valutatrade_hub | Logging initialized
2025-10-22 19:23:53 | INFO | valutatrade_hub | Logging initialized
2025-10-22 19:23:59 | INFO | valutatrade_hub | Logging initialized
2025-10-22 19:24:04 | INFO | valutatrade_hub | Logging initialized
2025-10-22 19:24:05 | INFO | valutatrade_hub | Starting rates update...
2025-10-22 19:24:05 | INFO | valutatrade_hub | Fetching from CoinGecko...
2025-10-22 19:24:05 | INFO | valutatrade_hub | OK: CoinGecko returned 3 pairs
2025-10-22 19:24:05 | INFO | valutatrade_hub | Writing 3 pairs to /Users/m459n9/finalproject_Staroverov_M-25-555/data/rates.json ...
2025-10-22 19:24:05 | INFO | valutatrade_hub | Appending 3 records to /Users/m459n9/finalproject_Staroverov_M-25-555/data/exchange_rates.json ...
2025-10-22 19:24:05 | INFO | valutatrade_hub | Update finished: status=success ok=1 err=0 last_refresh=2025-10-22T16:24:05Z
2025-10-22 19:24:10 | INFO | valutatrade_hub | Logging initialized
2025-10-22 19:24:14 | INFO | valutatrade_hub | Logging initialized
2025-10-22 19:24:14 | INFO | valutatrade_hub | Starting rates update...
2025-10-22 19:24:14 | INFO | valutatrade_hub | Fetching from ExchangeRate-API...
2025-10-22 19:24:14 | INFO | valutatrade_hub | OK: ExchangeRate-API returned 0 pairs
2025-10-22 19:24:14 | INFO | valutatrade_hub | Writing 0 pairs to /Users/m459n9/finalproject_Staroverov_M-25-555/data/rates.json ...
2025-10-22 19:24:14 | INFO | valutatrade_hub | Appending 0 records to /Users/m459n9/finalproject_Staroverov_M-25-555/data/exchange_rates.json ...
2025-10-22 19:24:14 | INFO | valutatrade_hub | Update finished: status=success ok=1 err=0 last_refresh=2025-10-22T16:24:14Z
2025-10-22 19:24:19 | INFO | valutatrade_hub | Logging initialized
2025-10-22 19:26:19 | INFO | valutatrade_hub | Logging initialized
2025-10-22 19:26:19 | INFO | valutatrade_hub | Starting rates update...
2025-10-22 19:26:19 | INFO | valutatrade_hub | Fetching from ExchangeRate-API...
2025-10-22 19:26:19 | INFO | valutatrade_hub | OK: ExchangeRate-API returned 0 pairs
2025-10-22 19:26:19 | INFO | valutatrade_hub | Writing 0 pairs to /Users/m459n9/finalproject_Staroverov_M-25-555/data/rates.json ...
2025-10-22 19:26:19 | INFO | valutatrade_hub | Appending 0 records to /Users/m459n9/finalproject_Staroverov_M-25-555/data/exchange_rates.json ...
2025-10-22 19:26:19 | INFO | valutatrade_hub | Update finished: status=success ok=1 err=0 last_refresh=2025-10-22T16:26:19Z
2025-10-22 19:26:27 | INFO | valutatrade_hub | Logging initialized
2025-10-22 19:28:29 | INFO | valutatrade_hub | Logging initialized
2025-10-22 19:28:43 | INFO | valutatrade_hub | Logging initialized
2025-10-22 19:30:34 | INFO | valutatrade_hub | Logging initialized
2025-10-22 19:32:41 | INFO | valutatrade_hub | Logging initialized
2025-10-22 19:32:53 | INFO | valutatrade_hub | Logging initialized
2025-10-22 19:33:07 | INFO | valutatrade_hub | Logging initialized
2025-10-22 19:33:18 | INFO | valutatrade_hub | Logging initialized
2025-10-22 19:34:43 | INFO | valutatrade_hub | Logging initialized
2025-10-22 19:36:27 | INFO | valutatrade_hub | Logging initialized
2025-10-22 19:38:37 | INFO | valutatrade_hub | Logging initialized
2025-10-22 19:38:37 | INFO | valutatrade_hub | Starting rates update...
2025-10-22 19:38:37 | INFO | valutatrade_hub | Fetching from CoinGecko...
2025-10-22 19:38:37 | INFO | valutatrade_hub | OK: CoinGecko returned 3 pairs
2025-10-22 19:38:37 | INFO | valutatrade_hub | Writing 3 pairs to /Users/m459n9/finalproject_Staroverov_M-25-555/data/rates.json ...
2025-10-22 19:38:37 | INFO | valutatrade_hub | Appending 3 records to /Users/m459n9/finalproject_Staroverov_M-25-555/data/exchange_rates.json ...
2025-10-22 19:38:37 | INFO | valutatrade_hub | Update finished: status=success ok=1 err=0 last_refresh=2025-10-22T16:38:37Z
2025-10-22 19:40:11 | INFO | valutatrade_hub | Logging initialized
2025-10-22 19:40:17 | INFO | valutatrade_hub | Logging initialized
2025-10-22 19:40:22 | INFO | valutatrade_hub | Logging initialized
2025-10-22 19:40:52 | INFO | valutatrade_hub | Logging initialized
2025-10-22 19:41:19 | INFO | valutatrade_hub | Logging initialized
2025-10-22 19:41:23 | INFO | valutatrade_hub | Logging initialized
2025-10-22 19:42:23 | INFO | valutatrade_hub | Logging initialized
2025-10-22 19:42:23 | INFO | valutatrade_hub | Starting rates update...
2025-10-22 19:42:23 | INFO | valutatrade_hub | Fetching from CoinGecko...
2025-10-22 19:42:23 | INFO | valutatrade_hub | OK: CoinGecko returned 3 pairs
2025-10-22 19:42:23 | INFO | valutatrade_hub | Writing 3 pairs to /Users/m459n9/finalproject_Staroverov_M-25-555/data/rates.json ...
2025-10-22 19:42:23 | INFO | valutatrade_hub | Appending 3 records to /Users/m459n9/finalproject_Staroverov_M-25-555/data/exchange_rates.json ...
2025-10-22 19:42:23 | INFO | valutatrade_hub | Update finished: status=success ok=1 err=0 last_refresh=2025-10-22T16:42:23Z
2025-10-22 19:42:27 | INFO | valutatrade_hub | Logging initialized
2025-10-22 19:42:34 | INFO | valutatrade_hub | Logging initialized
2025-10-22 19:42:34 | INFO | valutatrade_hub | Starting rates update...
2025-10-22 19:42:34 | INFO | valutatrade_hub | Fetching from ExchangeRate-API...
2025-10-22 19:42:34 | INFO | valutatrade_hub | OK: ExchangeRate-API returned 0 pairs
2025-10-22 19:42:34 | INFO | valutatrade_hub | Writing 0 pairs to /Users/m459n9/finalproject_Staroverov_M-25-555/data/rates.json ...
2025-10-22 19:42:34 | INFO | valutatrade_hub | Appending 0 records to /Users/m459n9/finalproject_Staroverov_M-25-555/data/exchange_rates.json ...
2025-10-22 19:42:34 | INFO | valutatrade_hub | Update finished: status=success ok=1 err=0 last_refresh=2025-10-22T16:42:34Z
2025-10-22 19:42:39 | INFO | valutatrade_hub | Logging initialized
2025-10-22 19:42:53 | INFO | valutatrade_hub | Logging initialized
2025-10-22 19:42:53 | INFO | valutatrade_hub | Starting rates update...
2025-10-22 19:42:53 | INFO | valutatrade_hub | Fetching from CoinGecko...
2025-10-22 19:42:53 | INFO | valutatrade_hub | OK: CoinGecko returned 3 pairs
2025-10-22 19:42:53 | INFO | valutatrade_hub | Fetching from ExchangeRate-API...
2025-10-22 19:42:53 | INFO | valutatrade_hub | OK: ExchangeRate-API returned 0 pairs
2025-10-22 19:42:53 | INFO | valutatrade_hub | Writing 3 pairs to /Users/m459n9/finalproject_Staroverov_M-25-555/data/rates.json ...
2025-10-22 19:42:53 | INFO | valutatrade_hub | Appending 3 records to /Users/m459n9/finalproject_Staroverov_M-25-555/data/exchange_rates.json ...
2025-10-22 19:42:53 | INFO | valutatrade_hub | Update finished: status=success ok=2 err=0 last_refresh=2025-10-22T16:42:53Z
2025-10-22 19:42:58 | INFO | valutatrade_hub | Logging initialized
2025-10-22 19:43:04 | INFO | valutatrade_hub | Logging initialized
2025-10-22 19:43:13 | INFO | valutatrade_hub | Logging initialized
2025-10-22 19:43:18 | INFO | valutatrade_hub | Logging initialized
2025-10-22 19:43:22 | INFO | valutatrade_hub | Logging initialized
2025-10-22 19:43:27 | INFO | valutatrade_hub | Logging initialized
2025-10-22 19:43:41 | INFO | valutatrade_hub | Logging initialized
